Completed v2g_g3_b1_testA: 144 estimates
Completed v2g_g3_b1_testB: 144 estimates
Completed v2g_g3_b1_val_calib: 144 estimates
Completed v2g_g3_b1_val_select: 144 estimates
Completed v2g_g3_b1___pooled_test__: 144 estimates
Completed v2g_g3_b1___all_common__: 144 estimates
Completed v2g_g3_b2_testA: 144 estimates
Completed v2g_g3_b2_testB: 144 estimates
Completed v2g_g3_b2_val_calib: 144 estimates
Completed v2g_g3_b2_val_select: 144 estimates
Completed v2g_g3_b2___pooled_test__: 144 estimates
Completed v2g_g3_b2___all_common__: 144 estimates
Completed v2g_g4_b1: 15 estimates
Completed v2g_g4_b2: 15 estimates
Completed d1_c1_cosine_b0_clean: 48 estimates
Completed d1_c1_b3_clean: 48 estimates
Completed d1_c4_clean: 42 estimates
Completed d2_c1_common_k50: 48 estimates
Completed d2_c4_random_hard5: 13 estimates
Completed p1_c1_RPN: 51 estimates
Completed p1_c1_DETR: 51 estimates
Completed p1_c1_GDINO: 51 estimates
Completed p1_c4_RPN: 57 estimates
Completed p1_c4_DETR: 57 estimates
Completed m1_random_k5: 58 estimates
Completed m1_random_k5_matched: 52 estimates
Completed m1_samecategory_k5: 58 estimates
Completed m1_k20_random: 52 estimates
Completed m1_k50_random: 52 estimates
Completed m2_curriculum_m0_m2_m4_m8: 281 estimates
Completed m25_specialist_m0_m2_m4_m8: 48 estimates
