[2026-10-03T09:04:47.695885+00:00] START run_id=20261003T090447Z scope=g4 pid=25120 g4_device=cuda BLAS=2
[2026-10-03T09:04:51.746543+00:00] [hard] pooled rows=10286 images=1490 refs=3647
[2026-10-03T09:04:51.747548+00:00] [hard]   same4: rows=9487 images=1424 refs=3369
[2026-10-03T09:04:51.748516+00:00] [hard]   same8: rows=7410 images=1189 refs=2643
[2026-10-03T09:04:51.748516+00:00] [hard]   same9: rows=6765 images=1085 refs=2419
[2026-10-03T09:05:39.478994+00:00] [B] STOP B1/b3_seed1 K=5: max|delta|=1.240e-05
[2026-10-03T09:05:41.494197+00:00] [B] STOP B1/b3_seed1 K=10: max|delta|=9.537e-06
[2026-10-03T09:05:52.086146+00:00] v2g_g4_b1_seed_1 COMPLETE (device=cuda, cells=6, n=48614)
[2026-10-03T09:05:53.839500+00:00] [B] STOP B1/b3_seed2 K=5: max|delta|=1.335e-05
[2026-10-03T09:05:55.842659+00:00] [B] STOP B1/b3_seed2 K=10: max|delta|=1.144e-05
[2026-10-03T09:06:05.201559+00:00] v2g_g4_b1_seed_2 COMPLETE (device=cuda, cells=6, n=48614)
[2026-10-03T09:06:06.869696+00:00] [B] STOP B1/b3_seed3 K=5: max|delta|=1.144e-05
[2026-10-03T09:06:08.785939+00:00] [B] STOP B1/b3_seed3 K=10: max|delta|=9.537e-06
[2026-10-03T09:06:18.006659+00:00] v2g_g4_b1_seed_3 COMPLETE (device=cuda, cells=6, n=48614)
[2026-10-03T09:07:34.884378+00:00] [B] STOP B2/b3_seed1 K=5: max|delta|=1.907e-05
[2026-10-03T09:07:37.752777+00:00] [B] STOP B2/b3_seed1 K=10: max|delta|=1.907e-05
[2026-10-03T09:07:49.230929+00:00] v2g_g4_b2_seed_1 COMPLETE (device=cuda, cells=6, n=48614)
[2026-10-03T09:07:51.153667+00:00] [B] STOP B2/b3_seed2 K=5: max|delta|=1.669e-05
[2026-10-03T09:07:53.224943+00:00] [B] STOP B2/b3_seed2 K=10: max|delta|=1.860e-05
[2026-10-03T09:08:03.837901+00:00] v2g_g4_b2_seed_2 COMPLETE (device=cuda, cells=6, n=48614)
[2026-10-03T09:08:05.616105+00:00] [B] STOP B2/b3_seed3 K=5: max|delta|=1.621e-05
[2026-10-03T09:08:07.796659+00:00] [B] STOP B2/b3_seed3 K=10: max|delta|=1.764e-05
[2026-10-03T09:08:17.982878+00:00] v2g_g4_b2_seed_3 COMPLETE (device=cuda, cells=6, n=48614)
[2026-10-03T09:08:18.136338+00:00] FINISH run_id=20261003T090447Z status=COMPLETE jobs=6 failures=0
