Checked statistics: phase0a_testA.npz (152 estimates)
Checked statistics: phase0a_testB.npz (152 estimates)
Checked statistics: phase0a_val_calib.npz (152 estimates)
Checked statistics: phase0a_val_select.npz (152 estimates)
Checked statistics: phase0a___pooled_test__.npz (152 estimates)
Checked statistics: phase0a___all_common__.npz (152 estimates)
Checked statistics: phase0b_testA.npz (120 estimates)
Checked statistics: phase0b_testB.npz (120 estimates)
Checked statistics: phase0b_val_calib.npz (120 estimates)
Checked statistics: phase0b_val_select.npz (120 estimates)
Checked statistics: phase0b___pooled_test__.npz (120 estimates)
Checked statistics: phase0b___all_common__.npz (120 estimates)
Checked statistics: phase05_val_select.npz (264 estimates)
Checked statistics: phase05_testA.npz (264 estimates)
Checked statistics: phase05_testB.npz (264 estimates)
Checked statistics: phase05___pooled_test__.npz (264 estimates)
Checked statistics: phase1_fixed_val_select.npz (130 estimates)
Checked statistics: phase1_selected_operational_val_select.npz (72 estimates)
Checked statistics: phase1_fixed_testA.npz (130 estimates)
Checked statistics: phase1_selected_operational_testA.npz (72 estimates)
Checked statistics: phase1_fixed_testB.npz (130 estimates)
Checked statistics: phase1_selected_operational_testB.npz (72 estimates)
Checked statistics: phase1_fixed___pooled_test__.npz (130 estimates)
Checked statistics: phase1_selected_operational___pooled_test__.npz (72 estimates)
Checked statistics: phase1f_k5_same4.npz (67 estimates)
Checked statistics: phase1f_k10_same9.npz (66 estimates)
Checked statistics: phase1f_dose_same8.npz (128 estimates)
Checked statistics: refcocog_external_rand5_hard5.npz (63 estimates)
Checked statistics: v2g_g3_b1_testA.npz (144 estimates)
Checked statistics: v2g_g3_b1_testB.npz (144 estimates)
Checked statistics: v2g_g3_b1_val_calib.npz (144 estimates)
Checked statistics: v2g_g3_b1_val_select.npz (144 estimates)
Checked statistics: v2g_g3_b1___pooled_test__.npz (144 estimates)
Checked statistics: v2g_g3_b1___all_common__.npz (144 estimates)
Checked statistics: v2g_g3_b2_testA.npz (144 estimates)
Checked statistics: v2g_g3_b2_testB.npz (144 estimates)
Checked statistics: v2g_g3_b2_val_calib.npz (144 estimates)
Checked statistics: v2g_g3_b2_val_select.npz (144 estimates)
Checked statistics: v2g_g3_b2___pooled_test__.npz (144 estimates)
Checked statistics: v2g_g3_b2___all_common__.npz (144 estimates)
Checked statistics: v2g_g4_b1.npz (15 estimates)
Checked statistics: v2g_g4_b2.npz (15 estimates)
Checked statistics: d1_c1_cosine_b0_clean.npz (48 estimates)
Checked statistics: d1_c1_b3_clean.npz (48 estimates)
Checked statistics: d1_c4_clean.npz (42 estimates)
Checked statistics: d2_c1_common_k50.npz (48 estimates)
Checked statistics: d2_c4_random_hard5.npz (13 estimates)
Checked statistics: p1_c1_RPN.npz (51 estimates)
Checked statistics: p1_c1_DETR.npz (51 estimates)
Checked statistics: p1_c1_GDINO.npz (51 estimates)
Checked statistics: p1_c4_RPN.npz (57 estimates)
Checked statistics: p1_c4_DETR.npz (57 estimates)
Checked statistics: m1_random_k5.npz (58 estimates)
Checked statistics: m1_random_k5_matched.npz (52 estimates)
Checked statistics: m1_samecategory_k5.npz (58 estimates)
Checked statistics: m1_k20_random.npz (52 estimates)
Checked statistics: m1_k50_random.npz (52 estimates)
Checked statistics: m2_curriculum_m0_m2_m4_m8.npz (281 estimates)
Checked statistics: m2_curriculum_m0_m2_m4_m8__m2_relative_auxiliary.npz (1 estimates)
Checked statistics: m25_specialist_m0_m2_m4_m8.npz (48 estimates)
Checked information: information_bootstrap_raw.npz (1860 estimates)
Checked candidates: group_c6dfcd9345eac283_raw.npz (52 estimates)
Checked candidates: group_3717e0741f749dad_raw.npz (52 estimates)
Checked candidates: group_d0bcb20c933b1a9e_raw.npz (52 estimates)
Checked candidates: group_7112ec94d8fce205_raw.npz (52 estimates)
Checked candidates: group_3cc81ce32939d40c_raw.npz (52 estimates)
Checked candidates: group_74dc1679344c3bf5_raw.npz (52 estimates)
Checked candidates: group_c5eba42da9153fc0_raw.npz (52 estimates)
Checked candidates: group_36d52573a47896ae_raw.npz (52 estimates)
Checked candidates: group_18db15f350c91c5b_raw.npz (52 estimates)
Checked candidates: group_a558e9ed872885bf_raw.npz (52 estimates)
Checked candidates: group_6a002ba5e98e3ef6_raw.npz (52 estimates)
Checked candidates: group_8ea6089c5830b179_raw.npz (52 estimates)
Checked candidates: group_780e07ee900c5f2c_raw.npz (260 estimates)
Checked candidates: group_9fdabaa1eb0b61ca_raw.npz (260 estimates)
Checked candidates: group_10881c9667323aeb_raw.npz (260 estimates)
Checked mechanism: bootstrap_raw_replicates.npz (45 estimates)
PASS: {'statistics': 6646, 'information': 1860, 'candidates': 1404, 'mechanism': 45}; 0 inconsistencies
