[2026-10-03T12:48:04.461941+00:00] START run_id=20261003T095000Z scope=m3-b0-check pid=24668 g4_device=cuda BLAS=2
[2026-10-03T12:48:08.878887+00:00] [hard] pooled rows=10286 images=1490 refs=3647
[2026-10-03T12:48:08.879887+00:00] [hard]   same4: rows=9487 images=1424 refs=3369
[2026-10-03T12:48:08.879887+00:00] [hard]   same8: rows=7410 images=1189 refs=2643
[2026-10-03T12:48:08.879887+00:00] [hard]   same9: rows=6765 images=1085 refs=2419
[2026-10-03T12:48:46.623175+00:00] [M3-B0 seed1] start (T_corrected=1.115344)
[2026-10-03T12:48:52.964085+00:00] [M3-B0 seed1] E_random reproduces M1 confidences (max|delta|=2.22e-16)
[2026-10-03T12:49:12.217877+00:00] [M3-B0 seed1] val cells + curriculum standardisation rebuilt (19.3s)
[2026-10-03T12:49:12.220076+00:00] [M3-B0 seed1] competition index fitted on train-only CDF: {'winner_competitor_max_cos': {'n': 10630, 'min': 0.17833380388083242, 'median': 0.7908610345311899, 'max': 0.9910241475779458}, 'winner_top2_cos': {'n': 10630, 'min': 0.1568753148981159, 'median': 0.7187619200890367, 'max': 0.9910241475779458}, 'q_margin12': {'n': 10630, 'min': -0.18263816260423482, 'median': 0.015172185006122163, 'max': 0.27027448650179053}}
[2026-10-03T12:49:12.251379+00:00] [M3-B0 seed1] mixers fitted on tune m={0,2,4}: c=0.6167 theta=0.6800 tau=0.0856 beta=1.0899
[2026-10-03T12:49:14.650753+00:00]   [M2 seed1] expb_m0: STOP ok (max|delta|=1.17e-05); 7410 rows / 1189 images; b3_accuracy=0.7426
[2026-10-03T12:49:16.792010+00:00]   [M2 seed1] expb_m2: STOP ok (max|delta|=1.25e-05); 7410 rows / 1189 images; b3_accuracy=0.5984
[2026-10-03T12:49:19.054383+00:00]   [M2 seed1] expb_m4: STOP ok (max|delta|=1.25e-05); 7410 rows / 1189 images; b3_accuracy=0.5614
[2026-10-03T12:49:21.050796+00:00]   [M2 seed1] expb_m8: STOP ok (max|delta|=1.34e-05); 7410 rows / 1189 images; b3_accuracy=0.5412
[2026-10-03T12:49:21.057956+00:00] [M3-B0 seed1] frozen test cells loaded (8.8s)
[2026-10-03T12:49:21.256092+00:00]   [M3-B0 seed1] m0: adaptive-static dAUROC=-0.0001
[2026-10-03T12:49:21.347145+00:00]   [M3-B0 seed1] m2: adaptive-static dAUROC=+0.0003
[2026-10-03T12:49:21.455288+00:00]   [M3-B0 seed1] m4: adaptive-static dAUROC=+0.0006
[2026-10-03T12:49:21.539939+00:00]   [M3-B0 seed1] m8: adaptive-static dAUROC=+0.0004
[2026-10-03T12:49:21.562114+00:00] [M3-B0 seed1] done in 35.0s (repro rand 2.22e-16, curr 8.14e-11)
[2026-10-03T12:49:21.842356+00:00] v2m_m3_b0_seed_1 FAILED: AssertionError: M3_B0_committed_point_metrics ('m0', 'AdaptiveMix', 1)/auroc_correct: observed=0.83556321140940337 expected=0.83556273495669664 abs_error=4.765e-07 > 1e-09
[2026-10-03T12:50:00.072156+00:00] [M3-B0 seed2] start (T_corrected=1.116630)
[2026-10-03T12:50:06.277896+00:00] [M3-B0 seed2] E_random reproduces M1 confidences (max|delta|=2.22e-16)
[2026-10-03T12:50:44.015083+00:00] [M3-B0 seed2] val cells + curriculum standardisation rebuilt (37.7s)
[2026-10-03T12:50:44.017088+00:00] [M3-B0 seed2] competition index fitted on train-only CDF: {'winner_competitor_max_cos': {'n': 10630, 'min': 0.17833380388083242, 'median': 0.790146582915213, 'max': 0.9912989415214497}, 'winner_top2_cos': {'n': 10630, 'min': 0.1568753148981159, 'median': 0.7185853494096932, 'max': 0.9912989415214497}, 'q_margin12': {'n': 10630, 'min': -0.19362363744812683, 'median': 0.0153195671167623, 'max': 0.27027448650179053}}
[2026-10-03T12:50:44.035101+00:00] [M3-B0 seed2] mixers fitted on tune m={0,2,4}: c=0.6081 theta=-2.3582 tau=-3.6340 beta=0.0904
[2026-10-03T12:50:56.914619+00:00]   [M2 seed2] expb_m0: STOP ok (max|delta|=1.34e-05); 7410 rows / 1189 images; b3_accuracy=0.7410
[2026-10-03T12:51:09.658668+00:00]   [M2 seed2] expb_m2: STOP ok (max|delta|=1.24e-05); 7410 rows / 1189 images; b3_accuracy=0.5997
[2026-10-03T12:51:22.558483+00:00]   [M2 seed2] expb_m4: STOP ok (max|delta|=1.34e-05); 7410 rows / 1189 images; b3_accuracy=0.5663
[2026-10-03T12:51:35.933183+00:00]   [M2 seed2] expb_m8: STOP ok (max|delta|=1.34e-05); 7410 rows / 1189 images; b3_accuracy=0.5439
[2026-10-03T12:51:35.940186+00:00] [M3-B0 seed2] frozen test cells loaded (51.9s)
[2026-10-03T12:51:36.132241+00:00]   [M3-B0 seed2] m0: adaptive-static dAUROC=+0.0001
[2026-10-03T12:51:36.233083+00:00]   [M3-B0 seed2] m2: adaptive-static dAUROC=-0.0000
[2026-10-03T12:51:36.331537+00:00]   [M3-B0 seed2] m4: adaptive-static dAUROC=-0.0002
[2026-10-03T12:51:36.441166+00:00]   [M3-B0 seed2] m8: adaptive-static dAUROC=-0.0004
[2026-10-03T12:51:36.460028+00:00] [M3-B0 seed2] done in 96.4s (repro rand 2.22e-16, curr 1.02e-10)
[2026-10-03T12:51:36.777725+00:00] v2m_m3_b0_seed_2 FAILED: AssertionError: M3_B0_committed_point_metrics ('m0', 'StaticMix', 2)/auroc_correct: observed=0.83838825178801757 expected=0.83838834668962781 abs_error=9.490e-08 > 1e-09
[2026-10-03T12:52:14.828421+00:00] [M3-B0 seed3] start (T_corrected=1.100525)
[2026-10-03T12:52:21.115156+00:00] [M3-B0 seed3] E_random reproduces M1 confidences (max|delta|=2.22e-16)
[2026-10-03T12:52:55.919549+00:00] [M3-B0 seed3] val cells + curriculum standardisation rebuilt (34.8s)
[2026-10-03T12:52:55.921551+00:00] [M3-B0 seed3] competition index fitted on train-only CDF: {'winner_competitor_max_cos': {'n': 10630, 'min': 0.17833380388083242, 'median': 0.7910907254223503, 'max': 0.9912989415214497}, 'winner_top2_cos': {'n': 10630, 'min': 0.1568753148981159, 'median': 0.7173382479667225, 'max': 0.9912989415214497}, 'q_margin12': {'n': 10630, 'min': -0.16696166059728057, 'median': 0.015557090141555818, 'max': 0.27027448650179053}}
[2026-10-03T12:52:55.929573+00:00] [M3-B0 seed3] mixers fitted on tune m={0,2,4}: c=0.5000 theta=-2.2632 tau=0.1443 beta=0.0990
[2026-10-03T12:53:08.070955+00:00]   [M2 seed3] expb_m0: STOP ok (max|delta|=1.34e-05); 7410 rows / 1189 images; b3_accuracy=0.7428
[2026-10-03T12:53:20.849882+00:00]   [M2 seed3] expb_m2: STOP ok (max|delta|=1.34e-05); 7410 rows / 1189 images; b3_accuracy=0.6038
[2026-10-03T12:53:33.056038+00:00]   [M2 seed3] expb_m4: STOP ok (max|delta|=1.34e-05); 7410 rows / 1189 images; b3_accuracy=0.5663
[2026-10-03T12:53:45.215745+00:00]   [M2 seed3] expb_m8: STOP ok (max|delta|=1.34e-05); 7410 rows / 1189 images; b3_accuracy=0.5456
[2026-10-03T12:53:45.222375+00:00] [M3-B0 seed3] frozen test cells loaded (49.3s)
[2026-10-03T12:53:45.433958+00:00]   [M3-B0 seed3] m0: adaptive-static dAUROC=-0.0001
[2026-10-03T12:53:45.522523+00:00]   [M3-B0 seed3] m2: adaptive-static dAUROC=+0.0001
[2026-10-03T12:53:45.615568+00:00]   [M3-B0 seed3] m4: adaptive-static dAUROC=+0.0002
[2026-10-03T12:53:45.704249+00:00]   [M3-B0 seed3] m8: adaptive-static dAUROC=+0.0003
[2026-10-03T12:53:45.721840+00:00] [M3-B0 seed3] done in 90.9s (repro rand 2.22e-16, curr 9.00e-11)
[2026-10-03T12:53:46.034139+00:00] v2m_m3_b0_seed_3 FAILED: AssertionError: M3_B0_committed_point_metrics ('m0', 'AdaptiveMix', 3)/auroc_correct: observed=0.83519531345323217 expected=0.83519483683716045 abs_error=4.766e-07 > 1e-09
[2026-10-03T12:53:46.818120+00:00] FINISH run_id=20261003T095000Z status=FAILED_UNVERIFIABLE jobs=0 failures=3
